[    0.000000] Initializing cgroup subsys cpuset
[    0.000000] Initializing cgroup subsys cpu
[    0.000000] Initializing cgroup subsys cpuacct
[    0.000000] Linux version 4.4.0-201-generic (buildd@lgw01-amd64-044) (gcc version 5.4.0 20160609 (Ubuntu 5.4.0-6ubuntu1~16.04.12) ) #233-Ubuntu SMP Thu Jan 14 06:10:28 UTC 2021 (Ubuntu 4.4.0-201.233-generic 4.4.247)
[    0.000000] Command line: BOOT_IMAGE=/boot/vmlinuz-4.4.0-201-generic root=LABEL=cloudimg-rootfs ro console=tty1 console=ttyS0
[    0.000000] KERNEL supported cpus:
[    0.000000]   Intel GenuineIntel
[    0.000000]   AMD AuthenticAMD
[    0.000000]   Centaur CentaurHauls
[    0.000000] x86/fpu: xstate_offset[2]:  576, xstate_sizes[2]:  256
[    0.000000] x86/fpu: Supporting XSAVE feature 0x01: 'x87 floating point registers'
[    0.000000] x86/fpu: Supporting XSAVE feature 0x02: 'SSE registers'
[    0.000000] x86/fpu: Supporting XSAVE feature 0x04: 'AVX registers'
[    0.000000] x86/fpu: Enabled xstate features 0x7, context size is 832 bytes, using 'standard' format.
[    0.000000] e820: BIOS-provided physical RAM map:
[    0.000000] BIOS-e820: [mem 0x0000000000000000-0x000000000009fbff] usable
[    0.000000] BIOS-e820: [mem 0x000000000009fc00-0x000000000009ffff] reserved
[    0.000000] BIOS-e820: [mem 0x00000000000f0000-0x00000000000fffff] reserved
[    0.000000] BIOS-e820: [mem 0x0000000000100000-0x000000003ffeffff] usable
[    0.000000] BIOS-e820: [mem 0x000000003fff0000-0x000000003fffffff] ACPI data
[    0.000000] BIOS-e820: [mem 0x00000000fec00000-0x00000000fec00fff] reserved
[    0.000000] BIOS-e820: [mem 0x00000000fee00000-0x00000000fee00fff] reserved
[    0.000000] BIOS-e820: [mem 0x00000000fffc0000-0x00000000ffffffff] reserved
[    0.000000] NX (Execute Disable) protection: active
[    0.000000] SMBIOS 2.5 present.
[    0.000000] Hypervisor detected: KVM
[    0.000000] Kernel/User page tables isolation: disabled
[    0.000000] e820: last_pfn = 0x3fff0 max_arch_pfn = 0x400000000
[    0.000000] MTRR: Disabled
[    0.000000] x86/PAT: MTRRs disabled, skipping PAT initialization too.
[    0.000000] CPU MTRRs all blank - virtualized system.
[    0.000000] x86/PAT: Configuration [0-7]: WB  WT  UC- UC  WB  WT  UC- UC  
[    0.000000] found SMP MP-table at [mem 0x0009fff0-0x0009ffff] mapped at [ffff88000009fff0]
[    0.000000] Scanning 1 areas for low memory corruption
[    0.000000] RAMDISK: [mem 0x362e0000-0x37167fff]
[    0.000000] ACPI: Early table checksum verification disabled
[    0.000000] ACPI: RSDP 0x00000000000E0000 000024 (v02 VBOX  )
[    0.000000] ACPI: XSDT 0x000000003FFF0030 00003C (v01 VBOX   VBOXXSDT 00000001 ASL  00000061)
[    0.000000] ACPI: FACP 0x000000003FFF00F0 0000F4 (v04 VBOX   VBOXFACP 00000001 ASL  00000061)
[    0.000000] ACPI: DSDT 0x000000003FFF0470 002325 (v02 VBOX   VBOXBIOS 00000002 INTL 20100528)
[    0.000000] ACPI: FACS 0x000000003FFF0200 000040
[    0.000000] ACPI: FACS 0x000000003FFF0200 000040
[    0.000000] ACPI: APIC 0x000000003FFF0240 00005C (v02 VBOX   VBOXAPIC 00000001 ASL  00000061)
[    0.000000] ACPI: SSDT 0x000000003FFF02A0 0001CC (v01 VBOX   VBOXCPUT 00000002 INTL 20100528)
[    0.000000] No NUMA configuration found
[    0.000000] Faking a node at [mem 0x0000000000000000-0x000000003ffeffff]
[    0.000000] NODE_DATA(0) allocated [mem 0x3ffeb000-0x3ffeffff]
[    0.000000] kvm-clock: Using msrs 4b564d01 and 4b564d00
[    0.000000] kvm-clock: cpu 0, msr 0:3ffe3001, primary cpu clock
[    0.000000] kvm-clock: using sched offset of 5372885305 cycles
[    0.000000] clocksource: kvm-clock: mask: 0xffffffffffffffff max_cycles: 0x1cd42e4dffb, max_idle_ns: 881590591483 ns
[    0.000000] Zone ranges:
[    0.000000]   DMA      [mem 0x0000000000001000-0x0000000000ffffff]
[    0.000000]   DMA32    [mem 0x0000000001000000-0x000000003ffeffff]
[    0.000000]   Normal   empty
[    0.000000]   Device   empty
[    0.000000] Movable zone start for each node
[    0.000000] Early memory node ranges
[    0.000000]   node   0: [mem 0x0000000000001000-0x000000000009efff]
[    0.000000]   node   0: [mem 0x0000000000100000-0x000000003ffeffff]
[    0.000000] Initmem setup node 0 [mem 0x0000000000001000-0x000000003ffeffff]
[    0.000000] ACPI: PM-Timer IO Port: 0x4008
[    0.000000] IOAPIC[0]: apic_id 2, version 32, address 0xfec00000, GSI 0-23
[    0.000000] ACPI: INT_SRC_OVR (bus 0 bus_irq 0 global_irq 2 dfl dfl)
[    0.000000] ACPI: INT_SRC_OVR (bus 0 bus_irq 9 global_irq 9 low level)
[    0.000000] Using ACPI (MADT) for SMP configuration information
[    0.000000] smpboot: Allowing 2 CPUs, 0 hotplug CPUs
[    0.000000] PM: Registered nosave memory: [mem 0x00000000-0x00000fff]
[    0.000000] PM: Registered nosave memory: [mem 0x0009f000-0x0009ffff]
[    0.000000] PM: Registered nosave memory: [mem 0x000a0000-0x000effff]
[    0.000000] PM: Registered nosave memory: [mem 0x000f0000-0x000fffff]
[    0.000000] e820: [mem 0x40000000-0xfebfffff] available for PCI devices
[    0.000000] Booting paravirtualized kernel on KVM
[    0.000000] clocksource: refined-jiffies: mask: 0xffffffff max_cycles: 0xffffffff, max_idle_ns: 7645519600211568 ns
[    0.000000] setup_percpu: NR_CPUS:512 nr_cpumask_bits:512 nr_cpu_ids:2 nr_node_ids:1
[    0.000000] PERCPU: Embedded 33 pages/cpu @ffff88003fc00000 s95640 r8192 d31336 u1048576
[    0.000000] Built 1 zonelists in Node order, mobility grouping on.  Total pages: 257912
[    0.000000] Policy zone: DMA32
[    0.000000] Kernel command line: BOOT_IMAGE=/boot/vmlinuz-4.4.0-201-generic root=LABEL=cloudimg-rootfs ro console=tty1 console=ttyS0
[    0.000000] PID hash table entries: 4096 (order: 3, 32768 bytes)
[    0.000000] Memory: 997664K/1048120K available (8641K kernel code, 1337K rwdata, 4044K rodata, 1492K init, 1296K bss, 50456K reserved, 0K cma-reserved)
[    0.000000] SLUB: HWalign=64, Order=0-3, MinObjects=0, CPUs=2, Nodes=1
[    0.000000] Hierarchical RCU implementation.
[    0.000000] 	Build-time adjustment of leaf fanout to 64.
[    0.000000] 	RCU restricting CPUs from NR_CPUS=512 to nr_cpu_ids=2.
[    0.000000] RCU: Adjusting geometry for rcu_fanout_leaf=64, nr_cpu_ids=2
[    0.000000] NR_IRQS:33024 nr_irqs:440 16
[    0.000000] Console: colour VGA+ 80x25
[    0.000000] console [tty1] enabled
[    0.000000] console [ttyS0] enabled
[    0.000000] tsc: Detected 1895.998 MHz processor
[    0.344231] Calibrating delay loop (skipped) preset value.. 3791.99 BogoMIPS (lpj=7583992)
[    0.346453] pid_max: default: 32768 minimum: 301
[    0.347663] ACPI: Core revision 20150930
[    0.349927] ACPI: 2 ACPI AML tables successfully acquired and loaded
[    0.352259] Security Framework initialized
[    0.353309] Yama: becoming mindful.
[    0.354276] AppArmor: AppArmor initialized
[    0.355501] Dentry cache hash table entries: 131072 (order: 8, 1048576 bytes)
[    0.357333] Inode-cache hash table entries: 65536 (order: 7, 524288 bytes)
[    0.362614] Mount-cache hash table entries: 2048 (order: 2, 16384 bytes)
[    0.364212] Mountpoint-cache hash table entries: 2048 (order: 2, 16384 bytes)
[    0.366247] Initializing cgroup subsys io
[    0.367398] Initializing cgroup subsys memory
[    0.368520] Initializing cgroup subsys devices
[    0.369647] Initializing cgroup subsys freezer
[    0.370761] Initializing cgroup subsys net_cls
[    0.371921] Initializing cgroup subsys perf_event
[    0.373107] Initializing cgroup subsys net_prio
[    0.374263] Initializing cgroup subsys hugetlb
[    0.375519] Initializing cgroup subsys pids
[    0.378517] mce: CPU supports 0 MCE banks
[    0.379675] Last level iTLB entries: 4KB 64, 2MB 8, 4MB 8
[    0.381149] Last level dTLB entries: 4KB 64, 2MB 0, 4MB 0, 1GB 4
[    0.383215] Spectre V1 : Mitigation: usercopy/swapgs barriers and __user pointer sanitization
[    0.385758] Spectre V2 : Mitigation: Full generic retpoline
[    0.387126] Spectre V2 : Spectre v2 / SpectreRSB mitigation: Filling RSB on context switch
[    0.389210] Speculative Store Bypass: Vulnerable
[    0.390368] SRBDS: Mitigation: TSX disabled
[    0.395344] Freeing SMP alternatives memory: 36K
[    0.406402] ftrace: allocating 32361 entries in 127 pages
[    0.489734] smpboot: APIC(0) Converting physical 0 to logical package 0
[    0.491215] smpboot: Max logical packages: 1
[    0.492537] x2apic enabled
[    0.493769] Switched APIC routing to physical x2apic.
[    0.496463] ..TIMER: vector=0x30 apic1=0 pin1=2 apic2=-1 pin2=-1
[    0.606017] smpboot: CPU0: Intel(R) Core(TM) i5-8365U CPU @ 1.60GHz (family: 0x6, model: 0x8e, stepping: 0xc)
[    0.609998] Performance Events: unsupported p6 CPU model 142 no PMU driver, software events only.
[    0.627273] KVM setup paravirtual spinlock
[    0.629991] x86: Booting SMP configuration:
[    0.631530] .... node  #0, CPUs:      #1
[    0.632862] kvm-clock: cpu 1, msr 0:3ffe3041, secondary cpu clock
[    0.635702] mce: CPU supports 0 MCE banks
[    0.638463] x86: Booted up 1 node, 2 CPUs
[    0.639796] smpboot: Total of 2 processors activated (7583.99 BogoMIPS)
[    0.642116] devtmpfs: initialized
[    0.646024] evm: security.selinux
[    0.646947] evm: security.SMACK64
[    0.648211] evm: security.SMACK64EXEC
[    0.649317] evm: security.SMACK64TRANSMUTE
[    0.650502] evm: security.SMACK64MMAP
[    0.651608] evm: security.ima
[    0.652422] evm: security.capability
[    0.653670] clocksource: jiffies: mask: 0xffffffff max_cycles: 0xffffffff, max_idle_ns: 7645041785100000 ns
[    0.656135] futex hash table entries: 512 (order: 3, 32768 bytes)
[    0.657844] pinctrl core: initialized pinctrl subsystem
[    0.659702] RTC time: 19:37:44, date: 03/10/21
[    0.665919] NET: Registered protocol family 16
[    0.679139] cpuidle: using governor ladder
[    0.691846] cpuidle: using governor menu
[    0.693339] PCCT header not found.
[    0.694591] ACPI: bus type PCI registered
[    0.695631] acpiphp: ACPI Hot Plug PCI Controller Driver version: 0.5
[    0.697108] PCI: Using configuration type 1 for base access
[    0.713056] ACPI: Added _OSI(Module Device)
[    0.714056] ACPI: Added _OSI(Processor Device)
[    0.715419] ACPI: Added _OSI(3.0 _SCP Extensions)
[    0.716640] ACPI: Added _OSI(Processor Aggregator Device)
[    0.718801] ACPI: Executed 1 blocks of module-level executable AML code
[    0.726942] ACPI: Interpreter enabled
[    0.727889] ACPI: (supports S0 S5)
[    0.728783] ACPI: Using IOAPIC for interrupt routing
[    0.730508] PCI: Using host bridge windows from ACPI; if necessary, use "pci=nocrs" and report a bug
[    0.737122] ACPI: PCI Root Bridge [PCI0] (domain 0000 [bus 00-ff])
[    0.738522] acpi PNP0A03:00: _OSC: OS supports [ASPM ClockPM Segments MSI]
[    0.740914] acpi PNP0A03:00: _OSC: not requesting OS control; OS requires [ExtendedConfig ASPM ClockPM MSI]
[    0.743216] acpi PNP0A03:00: fail to add MMCONFIG information, can't access extended PCI configuration space under this bridge.
[    0.746132] PCI host bridge to bus 0000:00
[    0.747096] pci_bus 0000:00: root bus resource [io  0x0000-0x0cf7 window]
[    0.748634] pci_bus 0000:00: root bus resource [io  0x0d00-0xffff window]
[    0.750255] pci_bus 0000:00: root bus resource [mem 0x000a0000-0x000bffff window]
[    0.752035] pci_bus 0000:00: root bus resource [mem 0x40000000-0xfdffffff window]
[    0.753779] pci_bus 0000:00: root bus resource [bus 00-ff]
[    0.757404] pci 0000:00:01.1: legacy IDE quirk: reg 0x10: [io  0x01f0-0x01f7]
[    0.759396] pci 0000:00:01.1: legacy IDE quirk: reg 0x14: [io  0x03f6]
[    0.760750] pci 0000:00:01.1: legacy IDE quirk: reg 0x18: [io  0x0170-0x0177]
[    0.762364] pci 0000:00:01.1: legacy IDE quirk: reg 0x1c: [io  0x0376]
[    0.800581] pci 0000:00:07.0: quirk: [io  0x4000-0x403f] claimed by PIIX4 ACPI
[    0.802877] pci 0000:00:07.0: quirk: [io  0x4100-0x410f] claimed by PIIX4 SMB
[    0.812907] ACPI: PCI Interrupt Link [LNKA] (IRQs 5 9 10 *11)
[    0.816173] ACPI: PCI Interrupt Link [LNKB] (IRQs 5 9 *10 11)
[    0.819082] ACPI: PCI Interrupt Link [LNKC] (IRQs 5 *9 10 11)
[    0.822146] ACPI: PCI Interrupt Link [LNKD] (IRQs 5 9 10 *11)
[    0.824823] ACPI: Enabled 2 GPEs in block 00 to 07
[    0.827938] vgaarb: setting as boot device: PCI:0000:00:02.0
[    0.829637] vgaarb: device added: PCI:0000:00:02.0,decodes=io+mem,owns=io+mem,locks=none
[    0.832155] vgaarb: loaded
[    0.833286] vgaarb: bridge control possible 0000:00:02.0
[    0.835148] SCSI subsystem initialized
[    0.836599] ACPI: bus type USB registered
[    0.838485] usbcore: registered new interface driver usbfs
[    0.840333] usbcore: registered new interface driver hub
[    0.841851] usbcore: registered new device driver usb
[    0.843295] PCI: Using ACPI for IRQ routing
[    0.844716] NetLabel: Initializing
[    0.845680] NetLabel:  domain hash size = 128
[    0.846851] NetLabel:  protocols = UNLABELED CIPSOv4
[    0.848063] NetLabel:  unlabeled traffic allowed by default
[    0.849687] amd_nb: Cannot enumerate AMD northbridges
[    0.850982] clocksource: Switched to clocksource kvm-clock
[    0.865094] AppArmor: AppArmor Filesystem Enabled
[    0.866655] pnp: PnP ACPI init
[    0.868580] pnp: PnP ACPI: found 3 devices
[    0.880423] clocksource: acpi_pm: mask: 0xffffff max_cycles: 0xffffff, max_idle_ns: 2085701024 ns
[    0.882999] NET: Registered protocol family 2
[    0.884312] TCP established hash table entries: 8192 (order: 4, 65536 bytes)
[    0.885870] TCP bind hash table entries: 8192 (order: 5, 131072 bytes)
[    0.887324] TCP: Hash tables configured (established 8192 bind 8192)
[    0.888737] UDP hash table entries: 512 (order: 2, 16384 bytes)
[    0.890078] UDP-Lite hash table entries: 512 (order: 2, 16384 bytes)
[    0.894996] NET: Registered protocol family 1
[    0.896176] pci 0000:00:00.0: Limiting direct PCI/PCI transfers
[    0.897549] pci 0000:00:01.0: Activating ISA DMA hang workarounds
[    0.899470] Unpacking initramfs...
[    1.199599] Freeing initrd memory: 14880K
[    1.201055] clocksource: tsc: mask: 0xffffffffffffffff max_cycles: 0x36a8cecc844, max_idle_ns: 881590549475 ns
[    1.203268] platform rtc_cmos: registered platform RTC device (no PNP device found)
[    1.205250] Scanning for low memory corruption every 60 seconds
[    1.207034] audit: initializing netlink subsys (disabled)
[    1.208758] audit: type=2000 audit(1615405070.822:1): initialized
[    1.211002] Initialise system trusted keyring
[    1.212434] HugeTLB registered 2 MB page size, pre-allocated 0 pages
[    1.215184] zbud: loaded
[    1.216655] VFS: Disk quotas dquot_6.6.0
[    1.217711] VFS: Dquot-cache hash table entries: 512 (order 0, 4096 bytes)
[    1.219701] squashfs: version 4.0 (2009/01/31) Phillip Lougher
[    1.221689] fuse init (API version 7.23)
[    1.222759] Key type big_key registered
[    1.223852] Allocating IMA MOK and blacklist keyrings.
[    1.230300] Key type asymmetric registered
[    1.231609] Asymmetric key parser 'x509' registered
[    1.233090] Block layer SCSI generic (bsg) driver version 0.4 loaded (major 249)
[    1.235098] io scheduler noop registered
[    1.236300] io scheduler deadline registered (default)
[    1.237346] io scheduler cfq registered
[    1.238315] pci_hotplug: PCI Hot Plug PCI Core version: 0.5
[    1.239468] pciehp: PCI Express Hot Plug Controller Driver version: 0.4
[    1.240939] ACPI: AC Adapter [AC] (on-line)
[    1.241872] input: Power Button as /devices/LNXSYSTM:00/LNXPWRBN:00/input/input0
[    1.243486] ACPI: Power Button [PWRF]
[    1.244426] input: Sleep Button as /devices/LNXSYSTM:00/LNXSLPBN:00/input/input1
[    1.246080] ACPI: Sleep Button [SLPF]
[    1.247792] ACPI: Battery Slot [BAT0] (battery present)
[    1.248881] GHES: HEST is not enabled!
[    1.250130] Serial: 8250/16550 driver, 32 ports, IRQ sharing enabled
[    1.272069] 00:02: ttyS0 at I/O 0x3f8 (irq = 4, base_baud = 115200) is a 16550A
[    1.277898] Linux agpgart interface v0.103
[    1.280956] loop: module loaded
[    1.282358] scsi host0: ata_piix
[    1.283407] scsi host1: ata_piix
[    1.284181] ata1: PATA max UDMA/33 cmd 0x1f0 ctl 0x3f6 bmdma 0xd000 irq 14
[    1.285472] ata2: PATA max UDMA/33 cmd 0x170 ctl 0x376 bmdma 0xd008 irq 15
[    1.286844] libphy: Fixed MDIO Bus: probed
[    1.287797] tun: Universal TUN/TAP device driver, 1.6
[    1.288839] tun: (C) 1999-2004 Max Krasnyansky <maxk@qualcomm.com>
[    1.290147] PPP generic driver version 2.4.2
[    1.291139] ehci_hcd: USB 2.0 'Enhanced' Host Controller (EHCI) Driver
[    1.292334] ehci-pci: EHCI PCI platform driver
[    1.293268] ehci-platform: EHCI generic platform driver
[    1.294384] ohci_hcd: USB 1.1 'Open' Host Controller (OHCI) Driver
[    1.295757] ohci-pci: OHCI PCI platform driver
[    1.296774] ohci-platform: OHCI generic platform driver
[    1.297872] uhci_hcd: USB Universal Host Controller Interface driver
[    1.299315] i8042: PNP: PS/2 Controller [PNP0303:PS2K,PNP0f03:PS2M] at 0x60,0x64 irq 1,12
[    1.302141] serio: i8042 KBD port at 0x60,0x64 irq 1
[    1.303211] serio: i8042 AUX port at 0x60,0x64 irq 12
[    1.304466] mousedev: PS/2 mouse device common for all mice
[    1.306028] input: AT Translated Set 2 keyboard as /devices/platform/i8042/serio0/input/input2
[    1.308605] rtc_cmos rtc_cmos: rtc core: registered rtc_cmos as rtc0
[    1.310047] rtc_cmos rtc_cmos: alarms up to one day, 114 bytes nvram
[    1.311346] i2c /dev entries driver
[    1.312270] device-mapper: uevent: version 1.0.3
[    1.313381] device-mapper: ioctl: 4.34.0-ioctl (2015-10-28) initialised: dm-devel@redhat.com
[    1.315247] ledtrig-cpu: registered to indicate activity on CPUs
[    1.317489] NET: Registered protocol family 10
[    1.318712] NET: Registered protocol family 17
[    1.319882] Key type dns_resolver registered
[    1.321753] registered taskstats version 1
[    1.324268] Loading compiled-in X.509 certificates
[    1.325734] Loaded X.509 cert 'Build time autogenerated kernel key: 9e5e2330314f2a00b0409bdb338e201244d5149f'
[    1.327675] zswap: loaded using pool lzo/zbud
[    1.330253] Key type trusted registered
[    1.334418] Key type encrypted registered
[    1.335292] AppArmor: AppArmor sha1 policy hashing enabled
[    1.336370] ima: No TPM chip found, activating TPM-bypass!
[    1.337502] ima: Allocated hash algorithm: sha1
[    1.338443] evm: HMAC attrs: 0x1
[    1.339605]   Magic number: 13:329:647
[    1.340410] scsi_host host1: hash matches
[    1.341415] scsi host1: hash matches
[    1.342227] acpi LNXCPU:00: hash matches
[    1.343155] rtc_cmos rtc_cmos: setting system clock to 2021-03-10 19:37:44 UTC (1615405064)
[    1.345057] BIOS EDD facility v0.16 2004-Jun-25, 0 devices found
[    1.346156] EDD information not available.
[    1.478342] Freeing unused kernel memory: 1492K
[    1.479478] Write protecting the kernel read-only data: 14336k
[    1.481133] Freeing unused kernel memory: 1588K
[    1.482354] Freeing unused kernel memory: 52K
Loading, please wait...
starting version 229
[    1.494175] random: systemd-udevd: uninitialized urandom read (16 bytes read, 3 bits of entropy available)
[    1.494769] random: udevadm: uninitialized urandom read (16 bytes read, 3 bits of entropy available)
[    1.494787] random: udevadm: uninitialized urandom read (16 bytes read, 3 bits of entropy available)
[    1.500791] random: systemd-udevd: uninitialized urandom read (16 bytes read, 3 bits of entropy available)
[    1.501197] random: udevadm: uninitialized urandom read (16 bytes read, 3 bits of entropy available)
[    1.501241] random: udevadm: uninitialized urandom read (16 bytes read, 3 bits of entropy available)
[    1.501374] random: udevadm: uninitialized urandom read (16 bytes read, 3 bits of entropy available)
[    1.501422] random: udevadm: uninitialized urandom read (16 bytes read, 3 bits of entropy available)
[    1.501471] random: udevadm: uninitialized urandom read (16 bytes read, 3 bits of entropy available)
[    1.501518] random: udevadm: uninitialized urandom read (16 bytes read, 3 bits of entropy available)
[    1.540299] e1000: Intel(R) PRO/1000 Network Driver - version 7.3.21-k8-NAPI
[    1.541606] e1000: Copyright (c) 1999-2006 Intel Corporation.
[    1.542989] Fusion MPT base driver 3.04.20
[    1.544371] Copyright (c) 1999-2008 LSI Corporation
[    1.549231] Fusion MPT SPI Host driver 3.04.20
[    1.573017] AVX2 version of gcm_enc/dec engaged.
[    1.574412] AES CTR mode by8 optimization enabled
[    1.774875] input: ImExPS/2 Generic Explorer Mouse as /devices/platform/i8042/serio1/input/input4
[    2.225356] e1000 0000:00:03.0 eth0: (PCI:33MHz:32-bit) 02:d4:31:29:cb:b1
[    2.227337] e1000 0000:00:03.0 eth0: Intel(R) PRO/1000 Network Connection
[    2.230426] mptbase: ioc0: Initiating bringup
[    2.233276] e1000 0000:00:03.0 enp0s3: renamed from eth0
[    3.692918] ioc0: LSI53C1030 A0: Capabilities={Initiator}
[    7.656493] scsi host2: ioc0: LSI53C1030 A0, FwRev=00000000h, Ports=1, MaxQ=256, IRQ=20
[   10.615601] scsi 2:0:0:0: Direct-Access     VBOX     HARDDISK         1.0  PQ: 0 ANSI: 5
[   10.617167] scsi target2:0:0: Beginning Domain Validation
[   10.620599] scsi target2:0:0: Domain Validation skipping write tests
[   10.621792] scsi target2:0:0: Ending Domain Validation
[   10.622919] scsi target2:0:0: asynchronous
[   10.623991] scsi 2:0:1:0: Direct-Access     VBOX     HARDDISK         1.0  PQ: 0 ANSI: 5
[   10.625893] scsi target2:0:1: Beginning Domain Validation
[   10.637932] scsi target2:0:1: Domain Validation skipping write tests
[   10.639121] scsi target2:0:1: Ending Domain Validation
[   10.640015] scsi target2:0:1: asynchronous
[   10.645760] sd 2:0:0:0: [sda] 83886080 512-byte logical blocks: (42.9 GB/40.0 GiB)
[   10.645898] sd 2:0:0:0: Attached scsi generic sg0 type 0
[   10.647224] sd 2:0:1:0: Attached scsi generic sg1 type 0
[   10.647612] sd 2:0:1:0: [sdb] 20480 512-byte logical blocks: (10.5 MB/10.0 MiB)
[   10.647763] sd 2:0:1:0: [sdb] Write Protect is off
[   10.647874] sd 2:0:1:0: [sdb] Incomplete mode parameter data
[   10.647875] sd 2:0:1:0: [sdb] Assuming drive cache: write through
[   10.650726] sd 2:0:1:0: [sdb] Attached SCSI disk
[   10.655228] sd 2:0:0:0: [sda] Write Protect is off
[   10.656383] sd 2:0:0:0: [sda] Incomplete mode parameter data
[   10.657416] sd 2:0:0:0: [sda] Assuming drive cache: write through
[   10.661194]  sda: sda1
[   10.663010] sd 2:0:0:0: [sda] Attached SCSI disk
Begin: Loading essential drivers ... [   11.958731] md: linear personality registered for level -1
[   11.962041] md: multipath personality registered for level -4
[   11.965395] md: raid0 personality registered for level 0
[   11.969586] md: raid1 personality registered for level 1
[   12.039402] raid6: sse2x1   gen()  9402 MB/s
[   12.107305] raid6: sse2x1   xor()  7413 MB/s
[   12.175642] raid6: sse2x2   gen() 14755 MB/s
[   12.243479] raid6: sse2x2   xor() 10293 MB/s
[   12.311332] raid6: sse2x4   gen() 16175 MB/s
[   12.379688] raid6: sse2x4   xor() 10294 MB/s
[   12.447531] raid6: avx2x1   gen() 20612 MB/s
[   12.515013] raid6: avx2x2   gen() 26957 MB/s
[   12.582997] raid6: avx2x4   gen() 20569 MB/s
[   12.583990] raid6: using algorithm avx2x2 gen() 26957 MB/s
[   12.585153] raid6: using avx2x2 recovery algorithm
[   12.587263] xor: automatically using best checksumming function:
[   12.627292]    avx       : 24909.000 MB/sec
[   12.629429] async_tx: api initialized (async)
[   12.638341] md: raid6 personality registered for level 6
[   12.639517] md: raid5 personality registered for level 5
[   12.640430] md: raid4 personality registered for level 4
[   12.646191] md: raid10 personality registered for level 10
done.
Begin: Running /scripts/init-premount ... done.
Begin: Mounting root file system ... Begin: Running /scripts/local-top ... done.
Begin: Running /scripts/local-premount ... [   12.676784] Btrfs loaded
Scanning for Btrfs filesystems
done.
Warning: fsck not present, so skipping root file system
[   12.704257] EXT4-fs (sda1): mounted filesystem with ordered data mode. Opts: (null)
done.
Begin: Running /scripts/local-bottom ... done.
Begin: Running /scripts/init-bottom ... done.
[   12.778708] systemd[1]: systemd 229 running in system mode. (+PAM +AUDIT +SELINUX +IMA +APPARMOR +SMACK +SYSVINIT +UTMP +LIBCRYPTSETUP +GCRYPT +GNUTLS +ACL +XZ -LZ4 +SECCOMP +BLKID +ELFUTILS +KMOD -IDN)
[   12.781756] systemd[1]: Detected virtualization oracle.
[   12.782603] systemd[1]: Detected architecture x86-64.

Welcome to [1mUbuntu 16.04.7 LTS[0m!

[   12.792064] systemd[1]: Set hostname to <ubuntu>.
[   12.795056] systemd[1]: Initializing machine ID from random generator.
[   12.796043] systemd[1]: Installed transient /etc/machine-id file.
[   12.900663] systemd[1]: Set up automount Arbitrary Executable File Formats File System Automount Point.
[[0;32m  OK  [0m] Set up automount Arbitrary Executab...ats File System Automount Point.
[   12.903167] systemd[1]: Reached target User and Group Name Lookups.
[[0;32m  OK  [0m] Reached target User and Group Name Lookups.
[   12.904870] systemd[1]: Reached target System Time Synchronized.
[[0;32m  OK  [0m] Reached target System Time Synchronized.
[   12.911993] systemd[1]: Created slice User and Session Slice.
[[0;32m  OK  [0m] Created slice User and Session Slice.
[   12.913601] systemd[1]: Started Forward Password Requests to Wall Directory Watch.
[[0;32m  OK  [0m] Started Forward Password Requests to Wall Directory Watch.
[   12.923656] systemd[1]: Reached target Encrypted Volumes.
[[0;32m  OK  [0m] Reached target Encrypted Volumes.
[   12.931350] systemd[1]: Listening on Journal Socket.
[[0;32m  OK  [0m] Listening on Journal Socket.
[   12.933486] systemd[1]: Listening on /dev/initctl Compatibility Named Pipe.
[[0;32m  OK  [0m] Listening on /dev/initctl Compatibility Named Pipe.
[   12.935961] systemd[1]: Listening on udev Control Socket.
[[0;32m  OK  [0m] Listening on udev Control Socket.
[   12.937603] systemd[1]: Created slice System Slice.
[[0;32m  OK  [0m] Created slice System Slice.
[   12.939303] systemd[1]: Reached target Slices.
[[0;32m  OK  [0m] Reached target Slices.
[   12.951903] systemd[1]: Starting Uncomplicated firewall...
         Starting Uncomplicated firewall...
[   12.960062] systemd[1]: Starting Set console keymap...
         Starting Set console keymap...
[   12.962269] systemd[1]: Starting Remount Root and Kernel File Systems...
         Starting Remount Root and Kernel File Systems...
[   12.965137] systemd[1]: Created slice system-serial\x2dgetty.slice.
[[0;32m  OK  [0m] Created slice system-serial\x2dgetty.slice.
[   12.967993] systemd[1]: Mounting Huge Pages File System...
[   12.968243] EXT4-fs (sda1): re-mounted. Opts: (null)
         Mounting Huge Pages File System...
[   12.971485] systemd[1]: Mounting Debug File System...
         Mounting Debug File System...
[   12.973488] systemd[1]: Starting Create list of required static device nodes for the current kernel...
         Starting Create list of required st... nodes for the current kernel...
[   12.981597] systemd[1]: Listening on Journal Socket (/dev/log).
[[0;32m  OK  [0m] Listening on Journal Socket (/dev/log).
[   12.991674] systemd[1]: Reached target Swap.
[[0;32m  OK  [0m] Reached target Swap.
[   12.993461] systemd[1]: Started Trigger resolvconf update for networkd DNS.
[[0;32m  OK  [0m] Started Trigger resolvconf update for networkd DNS.
[   12.996242] systemd[1]: Listening on Syslog Socket.
[[0;32m  OK  [0m] Listening on Syslog Socket.
[   13.007291] systemd[1]: Starting Nameserver information manager...
         Starting Nameserver information manager...
[   13.015324] systemd[1]: Listening on Journal Audit Socket.
[[0;32m  OK  [0m] Listening on Journal Audit Socket.
[   13.023786] systemd[1]: Starting Journal Service...
         Starting Journal Service...
[   13.031253] systemd[1]: Listening on LVM2 poll daemon socket.
[[0;32m  OK  [0m] Listening on LVM2 poll daemon socket.
[   13.039181] systemd[1]: Listening on Device-mapper event daemon FIFOs.
[[0;32m  OK  [0m] Listening on Device-mapper event daemon FIFOs.
[   13.042598] systemd[1]: Starting Load Kernel Modules...
         Starting Load Kernel Modules...
[   13.044545] systemd[1]: Listening on udev Kernel Socket.
[[0;32m  OK  [0m] Listening on udev Kernel Socket.
[   13.052675] Loading iSCSI transport class v2.0-870.
[   13.055185] systemd[1]: Listening on LVM2 metadata daemon socket.
[[0;32m  OK  [0m] Listening on LVM2 metadata daemon socket.
[   13.057766] systemd[1]: Starting Monitoring of LVM2 mirrors, snapshots etc. using dmeventd or progress polling...
         Starting Monitoring of LVM2 mirrors... dmeventd or progress polling...
[   13.061644] systemd[1]: Mounting POSIX Message Queue File System...
         Mounting POSIX Message Queue File System...
[   13.063630] iscsi: registered transport (tcp)
[   13.065273] systemd[1]: Mounted Huge Pages File System.
[[0;32m  OK  [0m] Mounted Huge Pages File System.
[   13.067399] systemd[1]: Mounted POSIX Message Queue File System.
[[0;32m  OK  [0m] Mounted POSIX Message Queue File System.
[   13.070078] systemd[1]: Mounted Debug File System.
[[0;32m  OK  [0m] Mounted Debug File System.
[   13.072112] systemd[1]: Started Journal Service.
[[0;32m  OK  [0m] Started Journal Service.
[[0;32m  OK  [0m] Started Uncomplicated firewall.
[[0;32m  OK  [0m] Started Set console keymap.
[[0;32m  OK  [0m] Started Remount Root and Kernel File Systems.
[[0;32m  OK  [0m] Started Create list of required sta...ce nodes for the current kernel.
[[0;32m  OK  [0m] Started LVM2 metadata daemon.
         Starting Create Static Device Nodes in /dev...
         Starting Load/Save Random Seed...
         Starting udev Coldplug all Devices...
         Starting Flush Journal to Persistent Storage...
[[0;32m  OK  [0m] Started Nameserver information manager.
[[0;32m  OK  [0m] Started Load/Save Random Seed.
[   13.109018] systemd-journald[388]: Received request to flush runtime journal from PID 1
[[0;32m  OK  [0m] Started Flush Journal to Persistent Storage.
[   13.116358] iscsi: registered transport (iser)
[[0;32m  OK  [0m] Started Load Kernel Modules.
[[0;32m  OK  [0m] Started Create Static Device Nodes in /dev.
         Starting udev Kernel Device Manager...
         Mounting FUSE Control File System...
         Starting Apply Kernel Variables...
[[0;32m  OK  [0m] Mounted FUSE Control File System.
[[0;32m  OK  [0m] Started udev Kernel Device Manager.
[[0;32m  OK  [0m] Started Apply Kernel Variables.
[[0;32m  OK  [0m] Started udev Coldplug all Devices.
[[0;32m  OK  [0m] Started Dispatch Password Requests to Console Directory Watch.
[[0;32m  OK  [0m] Found device /dev/ttyS0.
[[0;32m  OK  [0m] Listening on Load/Save RF Kill Switch Status /dev/rfkill Watch.
[[0;32m  OK  [0m] Started Monitoring of LVM2 mirrors,...ng dmeventd or progress polling.
[[0;32m  OK  [0m] Reached target Local File Systems (Pre).
[[0;32m  OK  [0m] Reached target Local File Systems.
         Starting Create Volatile Files and Directories...
         Starting Set console font and keymap...
         Starting Commit a transient machine-id on disk...
         Starting Initial cloud-init job (pre-networking)...
         Starting LSB: AppArmor initialization...
         Starting Tell Plymouth To Write Out Runtime Data...
[[0;32m  OK  [0m] Started Create Volatile Files and Directories.
[[0;32m  OK  [0m] Started Commit a transient machine-id on disk.
         Starting Update UTMP about System Boot/Shutdown...
[[0;32m  OK  [0m] Started Tell Plymouth To Write Out Runtime Data.
[[0;32m  OK  [0m] Started Update UTMP about System Boot/Shutdown.
[[0;32m  OK  [0m] Started Set console font and keymap.
[[0;32m  OK  [0m] Created slice system-getty.slice.
[[0;32m  OK  [0m] Started LSB: AppArmor initialization.
         Starting Load AppArmor profiles managed internally by snapd...
[[0;32m  OK  [0m] Started Load AppArmor profiles managed internally by snapd.
[   14.338107] cloud-init[626]: Cloud-init v. 20.4.1-0ubuntu1~16.04.1 running 'init-local' at Wed, 10 Mar 2021 19:37:57 +0000. Up 14.05 seconds.
[[0;32m  OK  [0m] Started Initial cloud-init job (pre-networking).
[[0;32m  OK  [0m] Reached target Network (Pre).
         Starting Raise network interfaces...
[[0;32m  OK  [0m] Started Raise network interfaces.
[[0;32m  OK  [0m] Reached target Network.
         Starting Initial cloud-init job (metadata service crawler)...
[   15.926393] cloud-init[936]: Cloud-init v. 20.4.1-0ubuntu1~16.04.1 running 'init' at Wed, 10 Mar 2021 19:37:58 +0000. Up 14.94 seconds.
[   15.927567] cloud-init[936]: ci-info: ++++++++++++++++++++++++++++++++++++++Net device info++++++++++++++++++++++++++++++++++++++
[   15.936395] cloud-init[936]: ci-info: +--------+------+----------------------------+---------------+--------+-------------------+
[   15.944359] cloud-init[936]: ci-info: | Device |  Up  |          Address           |      Mask     | Scope  |     Hw-Address    |
[   15.952428] cloud-init[936]: ci-info: +--------+------+----------------------------+---------------+--------+-------------------+
[   15.960737] [cloud-init[0;32m  OK  [0m[936]: ] ci-info: | enp0s3 | True |         10.0.2.15          | 255.255.255.0 | global | 02:d4:31:29:cb:b1 |Started Initial cloud-init job (metadata service crawler).

[[0;32m  OK  [0m] Reached target Cloud-config availability.
[   15.962405] [[0;32m  OK  [0m] Reached target Network is Online.
cloud-init[936]: ci-info: | enp0s3 | True | fe80::d4:31ff:fe29:cbb1/64 |       .       |  link  | 02:d4:31:29:cb:b1 |
[   15.964356] cloud-init[936]: ci-info: |   lo   | True |         127.0.0.1          |   255.0.0.0   |  host  |         .         |
[   15.965721] cloud-init[936]: ci-info: |   lo   | True |          ::1/128           |       .       |  host  |         .         |
[   15.966908] cloud-init[936]: ci-info: +--------+------+----------------------------+---------------+--------+-------------------+
[   15.968255] cloud-init[936]: ci-info: +++++++++++++++++++++++++++Route IPv4 info++++++++++++++++++++++++++++
[   15.977154]          Starting iSCSI initiator daemon (iscsid)...
[[0;32m  OK  [0m] Reached target System Initialization.
[[0;32m  OK  [0m] Started Message of the Day.
cloud-init[936]: ci-info: +-------+-------------+----------+---------------+-----------+-------+
[[0;32m  OK  [0m] Started ACPI Events Check.
[[0;32m  OK  [0m] Reached target Paths.
         Starting Socket activation for snappy daemon.
[[0;32m  OK  [0m] Listening on ACPID Listen Socket.
[[0;32m  OK  [0m] Listening on D-Bus System Message Bus Socket.
[[0;32m  OK  [0m] Started Daily Cleanup of Temporary Directories.
[[0;32m  OK  [0m] Started Daily apt download activities.
[[0;32m  OK  [0m] Started Daily apt upgrade and clean activities.
[   15.980008] cloud-init[936]: ci-info: | Route | Destination | Gateway  |    Genmask    | Interface | Flags |
[[0;32m  OK  [0m] Reached target Timers.
[   15.985429] [[0;32m  OK  [0m] Listening on UUID daemon activation socket.
cloud-init[936]: ci-info: +-------+-------------+----------+---------------+-----------+-------+
[   15.987859]          Starting LXD - unix socket.
cloud-init[936]: ci-info: |   0   |   0.0.0.0   | 10.0.2.2 |    0.0.0.0    |   enp0s3  |   UG  |
[   15.996396] [cloud-init[0;32m  OK  [0m[936]: ] ci-info: |   1   |   10.0.2.0  | 0.0.0.0  | 255.255.255.0 |   enp0s3  |   U   |Listening on Socket activation for snappy daemon.

[   15.997749] [cloud-init[0;32m  OK  [0m[936]: ] Listening on LXD - unix socket.
ci-info: +-------+-------------+----------+---------------+-----------+-------+
[   15.999045] [[0;32m  OK  [0m] Reached target Sockets.
[[0;32m  OK  [0m] Reached target Basic System.
[[0;32m  OK  [0m] Started Deferred execution scheduler.
cloud-init[936]: ci-info: +++++++++++++++++++Route IPv6 info+++++++++++++++++++
         Starting System Logging Service...
[   16.002237] cloud-init[936]: ci-info: +-------+-------------+---------+-----------+-------+
[   16.003526] [[0;32m  OK  [0m] Started ACPI event daemon.
cloud-init[936]: ci-info: | Route | Destination | Gateway | Interface | Flags |
         Starting /etc/rc.local Compatibility...
         Starting LSB: MD monitoring daemon...
[[0;32m  OK  [0m] Started FUSE filesystem for LXC.
         Starting Virtualbox guest utils...
         Starting LXD - container startup/shutdown...
[   16.007592] cloud-init[936]: ci-info: +-------+-------------+---------+-----------+-------+
[   16.029138] [[0;32m  OK  [0m] Started Regular background program processing daemon.
cloud-init[936]: ci-info: |   0   |  fe80::/64  |    ::   |   enp0s3  |   U   |
[   16.031305]          Starting LSB: Record successful boot for GRUB...
cloud-init         Starting Pollinate to seed the pseudo random number generator...
         Starting Login Service...
         Starting Accounts Service...
[[0;32m  OK  [0m] Started D-Bus System Message Bus.
[936]: ci-info: |   3   |   ff00::/8  |    ::   |   enp0s3  |   U   |
[   16.039668] cloud-init[936]: ci-info: +-------+-------------+---------+-----------+-------+
[   16.045728] cloud-init[936]: Generating public/private rsa key pair.
[   16.056456] cloud-init[936]: Your identification has been saved in /etc/ssh/ssh_host_rsa_key.
[   16.059565] cloud-init[936]: Your public key has been saved in /etc/ssh/ssh_host_rsa_key.pub.
[   16.061992] cloud-init[936]: The key fingerprint is:
[   16.063240] cloud-init[936]: SHA256:j9sHcVv/I1haoQRd/5CZ0WBRmCNPti2kCDDleEOSRho root@ubuntu-xenial
[   16.064953] cloud-init[936]: The key's randomart image is:
[   16.065860] cloud-init[936]: +---[RSA 2048]----+
[   16.067794] cloud-init[936]: |    E.=+o . ..=B.|
[   16.070562] cloud-init[936]: |     oo*.. ...O=.|
[   16.084934] cloud-init[936]: |    ... +... B== |
[   16.085904] cloud-init[936]: |       . .o.o.=.o|
[   16.089510] cloud-init[936]: |        S .o.o.o.|
[   16.090353] cloud-init[936]: |         o...o  .|
[   16.091419] cloud-init[936]: |        . ..=   .|
[   16.092417] cloud-init[936]: |         o o.. ..|
[   16.093760] cloud-init[936]: |        . ..  . .|
[   16.094876] cloud-init[936]: +----[SHA256]-----+
[   16.095953]          Starting Snap Daemon...
cloud-init[936]: Generating public/private dsa key pair.[[0;32m  OK  [0m] Started System Logging Service.
[[0;32m  OK  [0m] Started iSCSI initiator daemon (iscsid).
[[0;32m  OK  [0m] Started /etc/rc.local Compatibility.

[   16.100169] cloud-init[936]: Your identification has been saved in /etc/ssh/ssh_host_dsa_key.
[   16.101903] cloud-init[936]: Your public key has been saved in /etc/ssh/ssh_host_dsa_key.pub.
[[0;32m  OK  [0m] Started Login Service.
[   16.107261] cloud-init[936]: The key fingerprint is:
[   16.108651] [[0;32m  OK  [0m] Started Unattended Upgrades Shutdown.
cloud-init         Starting Authenticate and Authorize Users to Run Privileged Tasks...
         Starting Login to default iSCSI targets...
[936]: SHA256:8FUFy1zKKOlVfODkv2zhmJ/2hUDaSHTP7RknJsFJPdE root@ubuntu-xenial
[   16.126920] cloud-init[936]: The key's randomart image is:
[   16.131801] cloud-init[936]: +---[DSA 1024]----+
[   16.142613] cloud-init[936]: |          .+X*+o |[[0;32m  OK  [0m] Started LSB: MD monitoring daemon.

[   16.148792] [[0;32m  OK  [0m] Started Login to default iSCSI targets.
[[0;32m  OK  [0m] Reached target Remote File Systems (Pre).
[[0;32m  OK  [0m] Reached target Remote File Systems.
         Starting LSB: daemon to balance interrupts for SMP systems...
         Starting LSB: automatic crash report generation...
         Starting Permit User Sessions...
         Starting LSB: Set the CPU Frequency Scaling governor to "ondemand"...
[[0;32m  OK  [0m] Started LSB: Record successful boot for GRUB.
cloud-init[936]: |         o %+B+.E|[[0;32m  OK  [0m] Started Permit User Sessions.

         Starting Hold until boot process finishes up...
         Starting Terminate Plymouth Boot Screen...
[[0;32m  OK  [0m] Started Hold until boot process finishes up.
[   16.195535] cloud-init[936]: |      . o = @.=oo|
[[0;32m  OK  [0m] Started Serial Getty on ttyS0.
[   16.198983] [[0;32m  OK  [0m] Started Getty on tty1.
[[0;32m  OK  [0m] Reached target Login Prompts.
cloud-init[936]: |       + = = + o+|
         Starting Set console scheme...
[   16.214602] [cloud-init[0;32m  OK  [0m[936]: ] |        S o o o..|Started LXD - container startup/shutdown.

[[0;32m  OK  [0m] Started LSB: Set the CPU Frequency Scaling governor to "ondemand".
[[0;32m  OK  [0m] Started Terminate Plymouth Boot Screen.
[[0;32m  OK  [0m] Started Set console scheme.
[   16.218902] [[0;32m  OK  [0m] Started Authenticate and Authorize Users to Run Privileged Tasks.
cloud-init[936]: |             * + |
[[0;32m  OK  [0m] Started Accounts Service.
[   16.230038] cloud-init[936]: |            o * .|
[   16.238506] [cloud-init[0;32m  OK  [0m[936]: ] |             o...|Started LSB: daemon to balance interrupts for SMP systems.

[   16.239686] cloud-init[936]: |             .o..|
[   16.240876] cloud-init[936]: +----[SHA256]-----+
[   16.247833] cloud-init[936]: Generating public/private ecdsa key pair.
[   16.260265] [[0;32m  OK  [0m] Started LSB: automatic crash report generation.
cloud-init[936]: Your identification has been saved in /etc/ssh/ssh_host_ecdsa_key.
[   16.262662] cloud-init[936]: Your public key has been saved in /etc/ssh/ssh_host_ecdsa_key.pub.
[   16.264428] cloud-init[936]: The key fingerprint is:
[   16.265580] cloud-init[936]: SHA256:lAhLXi6qRW4/1sNhbSE+nrfgNXV9a+MgkeYFNIgzRvM root@ubuntu-xenial
[   16.274486] cloud-init[936]: The key's randomart image is:
[   16.275362] cloud-init[936]: +---[ECDSA 256]---+
[   16.276375] cloud-init[936]: |    o oo. .o     |
[   16.277729] cloud-init[936]: |   o = *oo. .    |
[   16.280539] cloud-init[936]: |  . + = *E .     |
[   16.281574] cloud-init[936]: | o . o + .  o.   |
[   16.300564] [[0;32m  OK  [0m] Started Virtualbox guest utils.
cloud-init[936]: |  =   = S .+... .|
[   16.302073] cloud-init[936]: | + . = = .o.o  ..|
[   16.306177] cloud-init[936]: |.   + B +  o . + |
[   16.307392] cloud-init[936]: |   . o = o  . + .|
[   16.308757] cloud-init[936]: |      . .      . |
[   16.310326] cloud-init[936]: +----[SHA256]-----+
[   16.312697] cloud-init[936]: Generating public/private ed25519 key pair.
[   16.313875] cloud-init[936]: Your identification has been saved in /etc/ssh/ssh_host_ed25519_key.
[   16.317960] cloud-init[936]: Your public key has been saved in /etc/ssh/ssh_host_ed25519_key.pub.
[   16.319455] cloud-init[936]: The key fingerprint is:
[   16.320565] cloud-init[936]: SHA256:Z0ZFL4vzk+JPiQP8+cujsR/xTx82e/O/suBB2Bys0jA root@ubuntu-xenial
[   16.322078] cloud-init[936]: The key's randomart image is:
[   16.323263] cloud-init[936]: +--[ED25519 256]--+
[   16.324517] cloud-init[936]: |           .o    |
[   16.332366] cloud-init[936]: |          .. .   |
[   16.333991] cloud-init[936]: |       E  .o. .  |
[   16.335600] cloud-init[936]: |       .+.=..o   |
[   16.346242] cloud-init[936]: |       .S+*+o    |
[   16.352423] cloud-init[936]: |        .*.= =   |
[   16.353151] cloud-init[936]: |          BoB .+.|
[   16.354018] cloud-init[936]: |         ..O++.+*|
[   16.364666] cloud-init[936]: |          +=*+oo@|
[   16.365308] cloud-init[936]: +----[SHA256]-----+
[[0;32m  OK  [0m] Started Snap Daemon.
         Starting Wait until snapd is fully seeded...
[[0;32m  OK  [0m] Started Pollinate to seed the pseudo random number generator.
         Starting OpenBSD Secure Shell server...
[[0;32m  OK  [0m] Started OpenBSD Secure Shell server.
[[0;32m  OK  [0m] Created slice User Slice of vagrant.
         Starting User Manager for UID 1000...
[[0;32m  OK  [0m] Started Session 1 of user vagrant.
[[0;32m  OK  [0m] Started User Manager for UID 1000.
[[0;32m  OK  [0m] Started Wait until snapd is fully seeded.
[[0;32m  OK  [0m] Reached target Multi-User System.
[[0;32m  OK  [0m] Reached target Graphical Interface.
         Starting Update UTMP about System Runlevel Changes...
         Starting Apply the settings specified in cloud-config...
[[0;32m  OK  [0m] Started Update UTMP about System Runlevel Changes.
[   20.998189] cloud-init[1429]: Generating locales (this might take a while)...
[   21.948923] cloud-init[1429]:   en_US.UTF-8... done
[   21.949689] cloud-init[1429]: Generation complete.


Ubuntu 16.04.7 LTS ubuntu-xenial ttyS0

ubuntu-xenial login: [   22.316088] cloud-init[1429]: Cloud-init v. 20.4.1-0ubuntu1~16.04.1 running 'modules:config' at Wed, 10 Mar 2021 19:38:04 +0000. Up 20.89 seconds.
ci-info: no authorized SSH keys fingerprints found for user ubuntu.
<14>Mar 10 19:38:06 ec2: 
<14>Mar 10 19:38:06 ec2: #############################################################
<14>Mar 10 19:38:06 ec2: -----BEGIN SSH HOST KEY FINGERPRINTS-----
<14>Mar 10 19:38:06 ec2: 1024 SHA256:8FUFy1zKKOlVfODkv2zhmJ/2hUDaSHTP7RknJsFJPdE root@ubuntu-xenial (DSA)
<14>Mar 10 19:38:06 ec2: 256 SHA256:lAhLXi6qRW4/1sNhbSE+nrfgNXV9a+MgkeYFNIgzRvM root@ubuntu-xenial (ECDSA)
<14>Mar 10 19:38:06 ec2: 256 SHA256:Z0ZFL4vzk+JPiQP8+cujsR/xTx82e/O/suBB2Bys0jA root@ubuntu-xenial (ED25519)
<14>Mar 10 19:38:06 ec2: 2048 SHA256:j9sHcVv/I1haoQRd/5CZ0WBRmCNPti2kCDDleEOSRho root@ubuntu-xenial (RSA)
<14>Mar 10 19:38:06 ec2: -----END SSH HOST KEY FINGERPRINTS-----
<14>Mar 10 19:38:06 ec2: #############################################################
-----BEGIN SSH HOST KEY KEYS-----
ecdsa-sha2-nistp256 AAAAE2VjZHNhLXNoYTItbmlzdHAyNTYAAAAIbmlzdHAyNTYAAABBBMdlzJpy/egLyQplV0qiy4GDhCxADlCpG2uH0OkwChj+rqUAZPegvP0n9YUv9vkgwsMGCjACdgid6jLqz+GbsZA= root@ubuntu-xenial
ssh-ed25519 AAAAC3NzaC1lZDI1NTE5AAAAICsIJHNCR8f9N7GdMuBm25XJRDHlyKXSbvXo4jX9Is6Y root@ubuntu-xenial
ssh-rsa AAAAB3NzaC1yc2EAAAADAQABAAABAQC+b+4/FAhGytRrqL5WFB/Fvtfc8HBPtlwEACVb8TuqB8TegFUsURR7yuV4WwJvABAb1M5mS1mLIy2MGh5DzaXKNdMfPee91r/9npKPK0RlzjgTr4cEP+8wLlwXhHmHLNBKFTCo7f32r+wWA59GJG15eIrNmMA8cCPYNhKv4bhsFd1QwyHsSu4BZn2IB8voJdtFisz7sQYrr9YUEiyD7Tcv68naWhoFI6HcUWzd5mgVQ7oG7zMtMXPT+wsoZiM6O7xxJQLZijtrND3fyLImQ2+FU216/JApIBv+vcglgT/X70/WbdV5+3kfXO8rzL80ZRp+mn6XxBFEMI5etGCtCRYF root@ubuntu-xenial
-----END SSH HOST KEY KEYS-----
[   22.814492] cloud-init[1530]: Cloud-init v. 20.4.1-0ubuntu1~16.04.1 running 'modules:final' at Wed, 10 Mar 2021 19:38:06 +0000. Up 22.67 seconds.
[   22.814687] cloud-init[1530]: ci-info: no authorized SSH keys fingerprints found for user ubuntu.
[   22.814782] cloud-init[1530]: Cloud-init v. 20.4.1-0ubuntu1~16.04.1 finished at Wed, 10 Mar 2021 19:38:06 +0000. Datasource DataSourceNoCloud [seed=/dev/sdb][dsmode=net].  Up 22.80 seconds
